---
source: crates/keel-tui/src/app.rs
assertion_line: 756
expression: "crate::ui::render_to_string(&mut app, 92, 34)"
---
"Keel  Ready 0  NotReady 1  Running 0  Git c0 p0 pr0                                         "
"────────────────────────────────────────────────────────────────────────────────────────────"
"┌Runs (1/1, newest first)──────────────────────────────────────────────────────────────────┐"
"│Run          State    Agent    Task                                                Git    │"
"│run-narrow   notready noop     investigate failing narrow termina…                 -      │"
"│                                                                                          │"
"│                                                                                          │"
"│                                                                                          │"
"│                                                                                          │"
"└──────────────────────────────────────────────────────────────────────────────────────────┘"
"┌──────────────────────────────────────────────────────────────────────────────────────────┐"
"│run-narrow  not_ready  investigate failing narrow terminal review…                        │"
"│Failure: check_failed                                                                     │"
"│Readiness: failed checks: cargo test                                                      │"
"└──────────────────────────────────────────────────────────────────────────────────────────┘"
" Report │ Diff │ Log │ Artifacts                                                            "
"                                                                                            "
"────────────────────────────────────────────────────────────────────────────────────────────"
"┌Review Summary────────────────────────────────────────────────────────────────────────────┐"
"│Run ID     run-narrow                                                                     │"
"│Status     not_ready                                                                      │"
"│Failure    check_failed                                                                   │"
"│Ready      failed checks: cargo test                                                      │"
"│                                                                                          │"
"│Checks                                                                                    │"
"│✗ cargo test  failed  exit 101                                                            │"
"│✓ git status  passed  exit 0                                                              │"
"│                                                                                          │"
"│Warnings                                                                                  │"
"│none                                                                                      │"
"│                                                                                          │"
"└──────────────────────────────────────────────────────────────────────────────────────────┘"
"────────────────────────────────────────────────────────────────────────────────────────────"
"j/k Tab / ? PgUp/PgDn r q  REVIEW  filter: <none>                                           "
