---
source: crates/keel-tui/src/app.rs
expression: "crate::ui::render_to_string(&mut app, 92, 34)"
---
"Keel review  Ready 0  NotReady 1  Running 0  Git c0 p0 pr0                                  "
"────────────────────────────────────────────────────────────────────────────────────────────"
"┌Review queue (1/1, newest first)──────────────────────────────────────────────────────────┐"
"│Run            State          Action                                                      │"
"│run-...narrow  blocked        fix/rerun                                                   │"
"│                                                                                          │"
"│                                                                                          │"
"│                                                                                          │"
"│                                                                                          │"
"└──────────────────────────────────────────────────────────────────────────────────────────┘"
"┌──────────────────────────────────────────────────────────────────────────────────────────┐"
"│run-...narrow  blocked  investigate failing narrow terminal review layou…                 │"
"│Action: fix or rerun; commit/push are blocked  Agent noop                                 │"
"└──────────────────────────────────────────────────────────────────────────────────────────┘"
" Report │ Diff + │ Log + │ Artifacts                                                        "
"                                                                                            "
"────────────────────────────────────────────────────────────────────────────────────────────"
"┌Review Summary (1-13/16)──────────────────────────────────────────────────────────────────┐"
"│not_ready  not ready: inspect checks and logs                                             │"
"│Task       investigate failing narrow terminal review layout                              │"
"│Evidence   none  Checks 1/2 failed                                                        │"
"│Agent      noop  Branch keel/run/run-narrow                                               │"
"│Ready      failed checks: cargo test                                                      │"
"│                                                                                          │"
"│Progress                                                                                  │"
"│Git        commit:no  push:no  pr:no                                                      │"
"│Next       fix or rerun; commit/push are blocked                                          │"
"│                                                                                          │"
"│Checks                                                                                    │"
"│✗ cargo test  failed  exit 101                                                            │"
"│✓ git status  passed  exit 0                                                              │"
"└──────────────────────────────────────────────────────────────────────────────────────────┘"
"────────────────────────────────────────────────────────────────────────────────────────────"
"Move j/k  Tabs 1-4  Scroll PgUp/PgDn  Filter /  Help ?  Quit q  REVIEW                      "
