---
source: crates/keel-tui/src/app.rs
assertion_line: 998
expression: "crate::ui::render_to_string(&mut app, 92, 28)"
---
"Keel  Ready 0  NotReady 1  Running 0  Git c0 p0 pr0                                         "
"────────────────────────────────────────────────────────────────────────────────────────────"
"┌Runs (1/1, newest first)──────────────────────────────────────────────────────────────────┐"
"│Run          Decision       State      Task                                        Git    │"
"│run-scrolled blocked        not_ready  task                                        -      │"
"│                                                                                          │"
"│                                                                                          │"
"│                                                                                          │"
"│                                                                                          │"
"└──────────────────────────────────────────────────────────────────────────────────────────┘"
"┌──────────────────────────────────────────────────────────────────────────────────────────┐"
"│run-scrolled  blocked  task                                                               │"
"│Next: not ready: inspect checks and logs  Agent noop                                      │"
"└──────────────────────────────────────────────────────────────────────────────────────────┘"
" Report │ Diff + │ Log + │ Artifacts                                                        "
"                                                                                            "
"────────────────────────────────────────────────────────────────────────────────────────────"
"┌Review Summary (5-11/16)──────────────────────────────────────────────────────────────────┐"
"│... 4 lines above ...                                                                     │"
"│Ready      failed checks: cargo test                                                      │"
"│                                                                                          │"
"│Progress                                                                                  │"
"│Git        commit:no  push:no  pr:no                                                      │"
"│Next       fix or rerun; commit/push are blocked                                          │"
"│                                                                                          │"
"└──────────────────────────────────────────────────────────────────────────────────────────┘"
"────────────────────────────────────────────────────────────────────────────────────────────"
"Move j/k  Tabs 1-4  Scroll PgUp/PgDn  Filter /  Help ?  Quit q  REVIEW                      "
