---
source: crates/keel-tui/src/app.rs
assertion_line: 739
expression: "crate::ui::render_to_string(&mut app, 120, 32)"
---
"Keel                    Ready       Not Ready       Running        Discarded        Committed       Pushed        PR    "
"local AI code review      0             1              0               0                0              0           0    "
"                                                                                                                        "
"                                                                                                                        "
"────────────────────────────────────────────────────────────────────────────────────────────────────────────────────────"
"┌Runs (1/1, newest first)───────────────────────────┐┌─────────────────────────────────────────────────────────────────┐"
"│Run      State    Agent    Task             Git    ││run-failed  not_ready  task                                      │"
"│run-fail notready noop     task             -      ││Failure: check_failed                                            │"
"│                                                   ││Readiness: failed checks: cargo test                             │"
"│                                                   │└─────────────────────────────────────────────────────────────────┘"
"│                                                   │ Report │ Diff │ Log │ Artifacts                                   "
"│                                                   │                                                                   "
"│                                                   │───────────────────────────────────────────────────────────────────"
"│                                                   │┌Review Summary───────────────────────────────────────────────────┐"
"│                                                   ││Run ID     run-failed                                            │"
"│                                                   ││Status     not_ready                                             │"
"│                                                   ││Failure    check_failed                                          │"
"│                                                   ││Ready      failed checks: cargo test                             │"
"│                                                   ││                                                                 │"
"│                                                   ││Checks                                                           │"
"│                                                   ││✗ cargo test  failed  exit 101                                   │"
"│                                                   ││✓ git status  passed  exit 0                                     │"
"│                                                   ││                                                                 │"
"│                                                   ││Warnings                                                         │"
"│                                                   ││none                                                             │"
"│                                                   ││                                                                 │"
"│                                                   ││                                                                 │"
"│                                                   ││                                                                 │"
"│                                                   ││                                                                 │"
"└───────────────────────────────────────────────────┘└─────────────────────────────────────────────────────────────────┘"
"────────────────────────────────────────────────────────────────────────────────────────────────────────────────────────"
"j/k Tab / ? PgUp/PgDn r q  REVIEW  filter: <none>                                                                       "
