---
source: crates/keel-tui/src/app.rs
assertion_line: 1028
expression: "crate::ui::render_to_string(&mut app, 120, 32)"
---
"Keel  review           Ready 1     Not Ready 0     Running 0      Discarded 0      Committed 1     Pushed 0      PR 0   "
"────────────────────────────────────────────────────────────────────────────────────────────────────────────────────────"
"┌Runs (1/1, newest first)───────────────────────────┐┌─────────────────────────────────────────────────────────────────┐"
"│Run      Decision State    Task             Git    ││run-123  review  task                                            │"
"│run-123  review   ready    task             commit ││Next: ready for human review  Agent noop                         │"
"│                                                   │└─────────────────────────────────────────────────────────────────┘"
"│                                                   │ Report │ Diff + │ Log + │ Artifacts                               "
"│                                                   │                                                                   "
"│                                                   │───────────────────────────────────────────────────────────────────"
"│                                                   │┌Artifacts────────────────────────────────────────────────────────┐"
"│                                                   ││Review artifacts                                                 │"
"│                                                   ││Metadata  present .keel/runs/run-123/metadata.json               │"
"│                                                   ││Log       present .keel/runs/run-123/log.txt                     │"
"│                                                   ││Diff      present .keel/runs/run-123/diff.patch                  │"
"│                                                   ││Checks    present .keel/runs/run-123/checks.json                 │"
"│                                                   ││Report    present .keel/runs/run-123/report.md                   │"
"│                                                   ││                                                                 │"
"│                                                   ││Git artifacts                                                    │"
"│                                                   ││Commit    present .keel/runs/run-123/commit.json                 │"
"│                                                   ││Push      not yet .keel/runs/run-123/push.json                   │"
"│                                                   ││PR/MR     not yet .keel/runs/run-123/pr.json                     │"
"│                                                   ││                                                                 │"
"│                                                   ││                                                                 │"
"│                                                   ││                                                                 │"
"│                                                   ││                                                                 │"
"│                                                   ││                                                                 │"
"│                                                   ││                                                                 │"
"│                                                   ││                                                                 │"
"│                                                   ││                                                                 │"
"└───────────────────────────────────────────────────┘└─────────────────────────────────────────────────────────────────┘"
"────────────────────────────────────────────────────────────────────────────────────────────────────────────────────────"
"Move j/k g/G  Tabs 1-4 Tab  Filter /  Help ?  Scroll PgUp/PgDn  Refresh r  Quit q  REVIEW  filter: <none>               "
