---
source: crates/keel-tui/src/app.rs
assertion_line: 878
expression: "crate::ui::render_to_string(&mut app, 120, 32)"
---
"Keel                    Ready       Not Ready       Running        Discarded        Committed       Pushed        PR    "
"local AI code review      1             0              0               0                1              1           0    "
"                                                                                                                        "
"                                                                                                                        "
"────────────────────────────────────────────────────────────────────────────────────────────────────────────────────────"
"┌Runs (1/1, newest first)───────────────────────────┐┌─────────────────────────────────────────────────────────────────┐"
"│Run      State    Agent    Task             Git    ││run-123  ready  task                                             │"
"│run-123  ready    noop     task             pushed ││Failure: none                                                    │"
"│                                                   ││Readiness: n/a                                                   │"
"│                                                   │└─────────────────────────────────────────────────────────────────┘"
"│                                                   │ Report │ Diff │ Log │ Artifacts                                   "
"│                                                   │                                                                   "
"│                                                   │───────────────────────────────────────────────────────────────────"
"│                                                   │┌Review Summary───────────────────────────────────────────────────┐"
"│                                                   ││ready  ready for human review                                    │"
"│                                                   ││Task       task                                                  │"
"│                                                   ││Risk       none  Checks 1 passed  Git pushed                     │"
"│                                                   ││Agent      noop  Branch keel/run/run-123                         │"
"│                                                   ││Ready      n/a                                                   │"
"│                                                   ││Run        run-123  Base base                                    │"
"│                                                   ││                                                                 │"
"│                                                   ││Checks                                                           │"
"│                                                   ││✓ cargo test  passed  exit 0                                     │"
"│                                                   ││                                                                 │"
"│                                                   ││Warnings                                                         │"
"│                                                   ││none                                                             │"
"│                                                   ││                                                                 │"
"│                                                   ││                                                                 │"
"│                                                   ││                                                                 │"
"└───────────────────────────────────────────────────┘└─────────────────────────────────────────────────────────────────┘"
"────────────────────────────────────────────────────────────────────────────────────────────────────────────────────────"
"j/k Tab / ? PgUp/PgDn r q  REVIEW  filter: <none>                                                                       "
