---
source: crates/keel-tui/src/app.rs
assertion_line: 1043
expression: "crate::ui::render_to_string(&mut app, 120, 32)"
---
"Keel                    Ready       Not Ready       Running        Discarded        Committed       Pushed        PR    "
"local AI code review      1             0              0               0                0              0           0    "
"                                                                                                                        "
"                                                                                                                        "
"────────────────────────────────────────────────────────────────────────────────────────────────────────────────────────"
"┌Runs (1/1, newest first)───────────────────────────┐┌─────────────────────────────────────────────────────────────────┐"
"│Run      Decision State    Task             Git    ││run-diff  review  task                                           │"
"│run-diff review   ready    task             -      ││Next: ready for human review  Agent noop                         │"
"│                                                   │└─────────────────────────────────────────────────────────────────┘"
"│                                                   │ Report │ Diff + │ Log + │ Artifacts                               "
"│                                                   │                                                                   "
"│                                                   │───────────────────────────────────────────────────────────────────"
"│                                                   │┌Diff Review──────────────────────────────────────────────────────┐"
"│                                                   ││+ additions  - deletions  @@ hunks  file headers                 │"
"│                                                   ││                                                                 │"
"│                                                   ││diff --git a/file b/file                                         │"
"│                                                   ││index 1111111..2222222 100644                                    │"
"│                                                   ││--- a/file                                                       │"
"│                                                   ││+++ b/file                                                       │"
"│                                                   ││@@ -1,2 +1,2 @@                                                  │"
"│                                                   ││-old line                                                        │"
"│                                                   ││+new line                                                        │"
"│                                                   ││ context                                                         │"
"│                                                   ││                                                                 │"
"│                                                   ││                                                                 │"
"│                                                   ││                                                                 │"
"│                                                   ││                                                                 │"
"│                                                   ││                                                                 │"
"│                                                   ││                                                                 │"
"└───────────────────────────────────────────────────┘└─────────────────────────────────────────────────────────────────┘"
"────────────────────────────────────────────────────────────────────────────────────────────────────────────────────────"
"j/k g/G 1-4 Tab / ? PgUp/PgDn r q  REVIEW  filter: <none>                                                               "
