---
source: crates/keel-tui/src/app.rs
assertion_line: 1059
expression: "crate::ui::render_to_string(&mut app, 92, 28)"
---
"Keel review  Ready 0  NotReady 1  Running 0  Git c0 p0 pr0                                  "
"────────────────────────────────────────────────────────────────────────────────────────────"
"┌Review queue (1/1, newest first)──────────────────────────────────────────────────────────┐"
"│Run            Agent    State                                                             │"
"│run-...scrolle noop     blocked                                                           │"
"│                                                                                          │"
"│                                                                                          │"
"│                                                                                          │"
"│                                                                                          │"
"└──────────────────────────────────────────────────────────────────────────────────────────┘"
"┌──────────────────────────────────────────────────────────────────────────────────────────┐"
"│run-...scrolled  blocked  task                                                            │"
"│Action: CLI: keel log run-scrolled  Agent noop                                            │"
"└──────────────────────────────────────────────────────────────────────────────────────────┘"
" Report │ Diff + │ Log + │ Artifacts                                                        "
"                                                                                            "
"────────────────────────────────────────────────────────────────────────────────────────────"
"┌Review Summary (5-11/16)──────────────────────────────────────────────────────────────────┐"
"│... 4 lines above ...                                                                     │"
"│Ready      failed checks: cargo test                                                      │"
"│                                                                                          │"
"│Progress                                                                                  │"
"│Git        commit:no  push:no  pr:no                                                      │"
"│Next       CLI: keel log run-scrolled                                                     │"
"│                                                                                          │"
"└──────────────────────────────────────────────────────────────────────────────────────────┘"
"────────────────────────────────────────────────────────────────────────────────────────────"
"Move j/k  Tabs 1-4  Scroll PgUp/PgDn  Filter /  Help ?  Quit q  REVIEW                      "
