---
source: crates/keel-tui/src/app.rs
assertion_line: 943
expression: "crate::ui::render_to_string(&mut app, 120, 34)"
---
"Keel                    Ready       Not Ready       Running        Discarded        Committed       Pushed        PR    "
"local AI code review      1             0              0               0                0              0           0    "
"                                                                                                                        "
"                                                                                                                        "
"────────────────────────────────────────────────────────────────────────────────────────────────────────────────────────"
"┌Runs (1/1, ne┌Help──────────────────────────────────────────────────────────────────────────────────────┐─────────────┐"
"│Run      Stat│Keel TUI Help                                                                             │             │"
"│run-help read│                                                                                          │             │"
"│             │Navigation                                                                                │─────────────┘"
"│             │j / Down      select next run                                                             │              "
"│             │k / Up        select previous run                                                         │              "
"│             │Tab           next detail tab                                                             │──────────────"
"│             │Shift+Tab     previous detail tab                                                         │─────────────┐"
"│             │PgUp / PgDn   scroll the current detail tab                                               │             │"
"│             │Home / End    jump to top or bottom of the current detail tab                             │             │"
"│             │                                                                                          │             │"
"│             │Review                                                                                    │             │"
"│             │/             filter runs by id, task, status, agent, warning, or git state               │             │"
"│             │r             refresh run list and selected artifacts                                     │─────────────┘"
"│             │?             show or hide this help                                                      │─────────────┐"
"│             │                                                                                          │             │"
"│             │Safety Boundary                                                                           │             │"
"│             │Read-only: never commits, pushes, creates PRs, discards runs, merges, or edits artifacts. │             │"
"│             │Use CLI write commands only after reviewing report, diff, log, checks, and warnings.      │             │"
"│             │Human review remains the final merge decision.                                            │─────────────┘"
"│             │                                                                                          │─────────────┐"
"│             │Close  Esc / Enter / ?    Quit  q                                                         │             │"
"│             │                                                                                          │             │"
"│             └──────────────────────────────────────────────────────────────────────────────────────────┘─────────────┘"
"│                                                   │┌Suggested Next Actions───────────────────────────────────────────┐"
"│                                                   ││Review report, diff, log, checks, and warnings before merging.   │"
"└───────────────────────────────────────────────────┘└─────────────────────────────────────────────────────────────────┘"
"────────────────────────────────────────────────────────────────────────────────────────────────────────────────────────"
"j/k Tab / ? PgUp/PgDn r q  REVIEW  filter: <none>                                                                       "
